============================= test session starts ==============================
platform darwin -- Python 3.12.12, pytest-9.0.3, pluggy-1.6.0
rootdir: /Users/macbook/Desktop/GitHub/MerCury
configfile: pytest.ini (WARNING: ignoring pytest config in pyproject.toml!)
plugins: mock-3.15.1, cov-7.1.0, asyncio-1.3.0, anyio-4.13.0
asyncio: mode=Mode.AUTO, debug=False, asyncio_default_fixture_loop_scope=None, asyncio_default_test_loop_scope=function
collected 1139 items

tests/stress/test_csv_loader_edge_cases.py ....                          [  0%]
tests/test_api_extended.py .....                                         [  0%]
tests/test_api_routes_coverage.py ...................                    [  2%]
tests/test_app_context_coverage.py ...................                   [  4%]
tests/test_async_sender.py ...............                               [  5%]
tests/test_async_sender_extended.py ............                         [  6%]
tests/test_auth_coverage.py .......                                      [  7%]
tests/test_auth_extended.py .......                                      [  7%]
tests/test_auth_extra_coverage.py ...............................        [ 10%]
tests/test_auth_routes.py .....                                          [ 10%]
tests/test_bounce_service_coverage.py ...                                [ 11%]
tests/test_bounce_service_extended.py ....                               [ 11%]
tests/test_campaign_service_coverage.py ........                         [ 12%]
tests/test_circuit_breaker.py ...........                                [ 13%]
tests/test_cli.py ................                                       [ 14%]
tests/test_config_dataclass_contract.py ......                           [ 15%]
tests/test_configuration_overhaul.py ....                                [ 15%]
tests/test_connection_pool.py ...........                                [ 16%]
tests/test_connection_pool_coverage.py .......                           [ 17%]
tests/test_connection_pool_extended.py .....                             [ 17%]
tests/test_coverage_boost.py ........................................... [ 21%]
.                                                                        [ 21%]
tests/test_csrf.py ......                                                [ 21%]
tests/test_dead_letter_service.py ......                                 [ 22%]
tests/test_dynamic_content.py ....                                       [ 22%]
tests/test_email_service.py ........                                     [ 23%]
tests/test_email_service_coverage.py ...                                 [ 23%]
tests/test_encryption_coverage.py ......                                 [ 24%]
tests/test_engine_coverage.py .......................................... [ 27%]
...............................................                          [ 32%]
tests/test_enhanced_sender.py ..........                                 [ 32%]
tests/test_error_aggregator.py ........                                  [ 33%]
tests/test_error_handling.py .....                                       [ 34%]
tests/test_error_recovery.py ........                                    [ 34%]
tests/test_exceptions.py ..............                                  [ 35%]
tests/test_features_coverage.py ........................................ [ 39%]
..........                                                               [ 40%]
tests/test_generators.py ........                                        [ 41%]
tests/test_generators_cli_coverage.py .................................. [ 44%]
.......................................                                  [ 47%]
tests/test_geo_backfill.py ..........                                    [ 48%]
tests/test_geolocation_and_ua.py ..........................              [ 50%]
tests/test_identity_service_coverage.py .....                            [ 51%]
tests/test_infra_extended.py ...............                             [ 52%]
tests/test_integration.py .....                                          [ 52%]
tests/test_logging_context.py ...........                                [ 53%]
tests/test_models_coverage.py .......................................... [ 57%]
...............                                                          [ 58%]
tests/test_new_features.py ...................                           [ 60%]
tests/test_placeholders.py .........                                     [ 61%]
tests/test_placeholders_loading.py ..                                    [ 61%]
tests/test_rate_limiter.py .......                                       [ 62%]
tests/test_rate_limiter_coverage.py ......                               [ 62%]
tests/test_recent_additions.py ........                                  [ 63%]
tests/test_repositories.py ............                                  [ 64%]
tests/test_repositories_enhanced.py ................                     [ 65%]
tests/test_repositories_extended.py .........                            [ 66%]
tests/test_requeue_recovery.py ..                                        [ 66%]
tests/test_retry_persist.py ..................                           [ 68%]
tests/test_retry_queue.py .......                                        [ 68%]
tests/test_rotation.py ........                                          [ 69%]
tests/test_rotation_coverage.py .......                                  [ 70%]
tests/test_scheduler_service_coverage.py ..........                      [ 71%]
tests/test_scheduler_service_extended.py .........                       [ 71%]
tests/test_senders_routes.py .........                                   [ 72%]
tests/test_services.py .................                                 [ 74%]
tests/test_services_coverage.py ........................................ [ 77%]
......                                                                   [ 78%]
tests/test_settings_routes.py ...                                        [ 78%]
tests/test_smtp_health.py ......                                         [ 79%]
tests/test_socketio.py ...                                               [ 79%]
tests/test_template_engine.py ......                                     [ 79%]
tests/test_template_engine_extended.py ....WRITER STARTED
...Adding 2 db_logs to queue
Final flush! logs_batch has 2 items.
..                         [ 80%]
tests/test_templates_routes.py ........                                  [ 81%]
tests/test_tools_routes.py .......                                       [ 81%]
tests/test_tracking_routes.py .....                                      [ 82%]
tests/test_tracking_service_coverage.py ......                           [ 82%]
tests/test_utils_repos_coverage.py ..................................... [ 86%]
..........................................                               [ 89%]
tests/test_validation.py ................................                [ 92%]
tests/test_web_api.py ...........                                        [ 93%]
tests/test_web_health.py ...                                             [ 93%]
tests/test_web_integration.py ........                                   [ 94%]
tests/test_web_routes_coverage.py ...................................... [ 97%]
.........                                                                [ 98%]
tests/test_webhook_service_coverage.py .......                           [ 99%]
tests/test_webhook_service_extended.py ........                          [100%]

======================= 1139 passed in 77.96s (0:01:17) ========================
